// Jest Snapshot v1, https://goo.gl/fbAQLP

exports[`Sidebar should take a snapshot 1`] = `
<DocumentFragment>
  <aside>
    <div>
      <a
        aria-disabled="false"
        class="MuiButtonBase-root MuiButton-root MuiButton-text MuiButton-textPrimary"
        href="https://github.com/bdfinst/vsm-tool"
        rel="noreferrer"
        tabindex="0"
        target="_blank"
      >
        <span
          class="MuiButton-label"
        >
          GitHub
        </span>
        <span
          class="MuiTouchRipple-root"
        />
      </a>
    </div>
    <div
      class="description"
    >
      Drag nodes to the pane on the right.
    </div>
    <div
      class="vsmnode input"
      draggable="true"
    >
      Add Node
    </div>
    <div
      data-testid="processTime"
    >
      Process Time: 0
    </div>
    <div
      data-testid="waitTime"
    >
      Wait Time: 0
    </div>
    <div
      data-testid="actorTime"
    >
      Actor Time: 0
    </div>
    <div
      data-testid="totalTime"
    >
      Total Time: 0
    </div>
    <div
      data-testid="avgPCA"
    >
      Average %C/A: 100%
    </div>
    <div
      data-testid="flow"
    >
      Flow Efficiency:0%
    </div>
  </aside>
</DocumentFragment>
`;
